<html>
<body>
<pre>
<h1>礦ision Build Log</h1>
<h2>Tool Versions:</h2>
IDE-Version: μVision V5.14.0.0
Copyright (C) 2015 ARM Ltd and ARM Germany GmbH. All rights reserved.
License Information: zhu user2019, SZU, LIC=DSNLQ-NLNJ9-48GFA-1K914-HPE1T-7XZ3A
 
Tool Versions:
Toolchain:       MDK-ARM Professional  Version: 5.14.0.0
Toolchain Path:  C:\Keil_v5\ARM\ARMCC\Bin
C Compiler:      Armcc.exe V5.05 update 1 (build 106)
Assembler:       Armasm.exe V5.05 update 1 (build 106)
Linker/Locator:  ArmLink.exe V5.05 update 1 (build 106)
Library Manager: ArmAr.exe V5.05 update 1 (build 106)
Hex Converter:   FromElf.exe V5.05 update 1 (build 106)
CPU DLL:         SARMCM3.DLL V5.14.0.0
Dialog DLL:      DCM.DLL V1.13.1.0
Target DLL:      Segger\JL2CM3.dll V2.99.13.0
Dialog DLL:      TCM.DLL V1.14.4.0
 
<h2>Project:</h2>
C:\Users\user2019\Desktop\匠心科技_BLDC_无感方波速度电流闭环控制V1.0\USER_PROJECT\Craftsman_Motor.uvprojx
Project File Date:  12/18/2019

<h2>Output:</h2>
Build target 'Craftsman_Motor'
compiling VvvfControl.c...
linking...
Program Size: Code=17390 RO-data=4534 RW-data=5232 ZI-data=3984  
FromELF: creating hex file...
"..\Craftsman_Motor\Craftsman_Motor.axf" - 0 Error(s), 0 Warning(s).

<h2>Collection of Component include folders:</h2>
  C:\Users\user2019\Desktop\匠心科技_BLDC_无感方波速度电流闭环控制V1.0\USER_PROJECT\RTE
  C:\Keil_v5\ARM\PACK\Keil\STM32F1xx_DFP\2.2.0

<h2>Collection of Component Files used:</h2>
</pre>
</body>
</html>
